1       0       umc94		mc	
1       00.02   bnl8.05		mc
1       00.67   umc76		mc
1       00.70   umc137		mc
1       01.41   umc58		mc
1       01.60   umc23		mc
1       01.76   umc37		mc
1       02.16   bnl15.18	mc
1       02.20   umc106		mc
1       02.68   bnl6.32		mc
2       0       bnl8.45		mc		
2       00.12   umc53		mc		
2       00.44   umc6		mc		
2       00.67   umc34		mc		
2       00.94   umc131		mc
2       01.21   umc98a		mc
2       01.40   umc4		mc		
2       01.49   umc10		mc		
2       01.60   bnl8.44b	mc
2       01.81   umc36		mc		
3       0       umc32a		mc		
3       00.11   umc121		mc		
3       01.01   umc42		mc		
3       01.11   umc102		mc		
3       01.18   umc26		mc		
3       01.53   umc60		mc		
3       01.72   umc3b		mc
3       01.79   bnl1.297	mc		
3       01.83   umc16		mc		
3       02.08   umc96		mc		
4       0       umc31		mc
4       00.11   bnl5.46		mc
4       00.53   bnl5.67		mc		
4       00.82   bnl10.17	mc		
4       00.88   umc158		mc
4       00.96   umc15		mc		
4       01.40   bnl15.07	mc		
5       0       bnl6.25		mc		
5       00.23   umc90		flanking
5       00.30   target		target
5       00.46   umc27		flanking
5       00.57   umc43		mc
5       00.78   bnl7.71		mc		
5       01.07   bnl5.71		mc		
5       01.30   umc126		mc		
5       01.41   umc108		mc
5       01.53   umc68		mc		
6       0       umc159		mc		
6       00.31   umc59		mc		
6       00.56   umc65		mc		
6       00.70   umc21		mc		
6       00.78   bnl3.03		mc		
6       01.15   umc138		mc		
6       01.30   umc132		mc
6       01.53   umc28		mc		
6       01.56   umc167		mc		
7       0       bnl15.40	mc		
7       00.09   umc98b		mc
7       00.17   bnl15.21	mc		
7       00.30   umc111		mc		
7       00.54   bnl14.07	mc		
7       00.75   umc151		mc
7       00.93   umc168		mc		
8       0       bnl13.5		mc		
8       00.22   bnl9.11		mc		
8       00.47   umc32b		mc
8       00.62   umc89		mc		
8       00.77   umc48		mc		
8       00.81   umc30		mc		
8       00.88   umc71		mc		
8       01.44   umc3a		mc		
9       0       umc109		mc		
9       00.89   bnl3.06		mc		
9       01.12   umc140		mc
9       01.15   bn8.05b		mc		
9       01.55   bnl14.28	mc		
10      0       bnl3.04		mc		
10      00.69   umc155		mc
10      00.71   umc64		mc		
10      01.12   umc44		mc		
10      01.14   bnl10.13	mc
